// Jest Snapshot v1, https://goo.gl/fbAQLP

exports[`Footer matches the snapshot 1`] = `
<div
  className="footer_container"
>
  <span>
    ­ЪЄГ­ЪЄ░ ­ЪЄх­ЪЄ▒ заЂДзаЂбзаЂЦзаЂ«заЂДзаЂ┐­ЪЄг­ЪЄД заЂДзаЂбзаЂЦзаЂ«заЂДзаЂ┐­ЪЄ▒­ЪЄ╣ ­ЪЄф­ЪЄИзаЂДзаЂбзаЂЦ 
  </span>
</div>
`;
