// Jest Snapshot v1, https://goo.gl/fbAQLP

exports[`Instructions matches the snapshot 1`] = `
<div
  className="instructions__text"
>
  <div />
</div>
`;
