// Jest Snapshot v1, https://goo.gl/fbAQLP

exports[`Logo matches the snapshot 1`] = `
<div>
  <a
    href="/"
  >
    <img
      className="logoimg"
      src="test-file-stub"
    />
  </a>
</div>
`;
