// Jest Snapshot v1, https://goo.gl/fbAQLP

exports[`Profile matches the snapshot 1`] = `
<div
  className="profile"
>
  Profile
</div>
`;
