// Jest Snapshot v1, https://goo.gl/fbAQLP

exports[`Searchbar matches the snapshot 1`] = `
<div>
  <input
    className="searchbar"
  />
</div>
`;
