// Jest Snapshot v1, https://goo.gl/fbAQLP

exports[`UserLogin matches the snapshot 1`] = `
<form>
  <input
    className=""
  />
</form>
`;
